<?xml version="1.0" encoding="UTF-8"?>
<TestRun id="382653ca-bff0-4177-97a3-37c01eb982f6" name="alexandre@ALEXHPNOTE 2017-01-22 17:46:05" runUser="ALEXHPNOTE\alexandre" xmlns="http://microsoft.com/schemas/VisualStudio/TeamTest/2010">
  <TestSettings name="Default Test Settings" id="b55b4054-499a-49a2-a962-0c6916e0282d">
    <Deployment userDeploymentRoot="C:\Users\alexandre\Documents\Alexandre\CEFET\APOO - Informática para Internet\trabalhos\PromoçõesDeSupermercado\TestResults" useDefaultDeploymentRoot="false" runDeploymentRoot="alexandre_ALEXHPNOTE 2017-01-22 17_46_05">
      <DeploymentItem filename="C:\Users\alexandre\Documents\Alexandre\CEFET\APOO - Informática para Internet\trabalhos\PromoçõesDeSupermercado\PromoçõesDeSupermercado\bin\Debug\PromoçõesDeSupermercado.dll" />
    </Deployment>
    <Execution>
      <TestTypeSpecific />
      <AgentRule name="Execution Agents">
      </AgentRule>
    </Execution>
  </TestSettings>
  <Times creation="2017-01-22T17:46:05.4811268-03:00" queuing="2017-01-22T17:46:05.6126438-03:00" start="2017-01-22T17:46:05.6282698-03:00" finish="2017-01-22T17:46:05.9290714-03:00" />
  <ResultSummary outcome="Completed">
    <Counters total="1" executed="1" passed="1" error="0" failed="0" timeout="0" aborted="0" inconclusive="0" passedButRunAborted="0" notRunnable="0" notExecuted="0" disconnected="0" warning="0" completed="0" inProgress="0" pending="0" />
  </ResultSummary>
  <TestDefinitions>
    <UnitTest name="TestAbrirVenda_1" storage="c:\users\alexandre\documents\alexandre\cefet\apoo - informática para internet\trabalhos\promoçõesdesupermercado\promoçõestest\bin\debug\promoçõestest.dll" id="6bbfdeea-bde6-a686-be99-da0c8ae39ed6">
      <Execution id="0f575a5e-3c45-43a1-a4cb-bf0858888b5d" />
      <TestMethod codeBase="C:/Users/alexandre/Documents/Alexandre/CEFET/APOO - Informática para Internet/trabalhos/PromoçõesDeSupermercado/PromoçõesTest/bin/Debug/PromoçõesTest.DLL" adapterTypeName="Microsoft.VisualStudio.TestTools.TestTypes.Unit.UnitTestAdapter, Microsoft.VisualStudio.QualityTools.Tips.UnitTest.Adapter, Version=10.0.0.0, Culture=neutral, PublicKeyToken=b03f5f7f11d50a3a" className="supermercado.CaixaTest, PromoçõesTest, Version=1.0.0.0, Culture=neutral, PublicKeyToken=null" name="TestAbrirVenda_1" />
    </UnitTest>
  </TestDefinitions>
  <TestLists>
    <TestList name="Results Not in a List" id="8c84fa94-04c1-424b-9868-57a2d4851a1d" />
    <TestList name="All Loaded Results" id="19431567-8539-422a-85d7-44ee4e166bda" />
  </TestLists>
  <TestEntries>
    <TestEntry testId="6bbfdeea-bde6-a686-be99-da0c8ae39ed6" executionId="0f575a5e-3c45-43a1-a4cb-bf0858888b5d" testListId="8c84fa94-04c1-424b-9868-57a2d4851a1d" />
  </TestEntries>
  <Results>
    <UnitTestResult executionId="0f575a5e-3c45-43a1-a4cb-bf0858888b5d" testId="6bbfdeea-bde6-a686-be99-da0c8ae39ed6" testName="TestAbrirVenda_1" computerName="ALEXHPNOTE" duration="00:00:00.0464486" startTime="2017-01-22T17:46:05.6282698-03:00" endTime="2017-01-22T17:46:05.9134437-03:00" testType="13cdc9d9-ddb5-4fa4-a97d-d965ccfc6d4b" outcome="Passed" testListId="8c84fa94-04c1-424b-9868-57a2d4851a1d" relativeResultsDirectory="0f575a5e-3c45-43a1-a4cb-bf0858888b5d">
    </UnitTestResult>
  </Results>
</TestRun>